Running Gradle task 'assembleRelease'...                        
flutter : lib/hospital_detail
s_page.dart:30:20: Error: 
Can't find ')' to match '('.
At line:1 char:1
+ flutter build apk > 
build_output.txt 2>&1; 
Get-Content build_output.t 
...
+ ~~~~~~~~~~~~~~~~~~~~~~~~~~~
~~~~~~~~~~~~~~
    + CategoryInfo           
   : NotSpecified: (lib/hos  
  pital_de...' to match '(   
 '.:String) [], RemoteExc    
eption
    + FullyQualifiedErrorId  
   : NativeCommandError
 
    return Scaffold(
                   ^
Target 
kernel_snapshot_program 
failed: Exception


FAILURE: Build failed with 
an exception.

* What went wrong:
Execution failed for task ':a
pp:compileFlutterBuildRelease
'.
> Process 'command 'C:\Flutte
r\flutter\bin\flutter.bat'' 
finished with non-zero exit 
value 1

* Try:
> Run with --stacktrace 
option to get the stack 
trace.
> Run with --info or --debug 
option to get more log 
output.
> Run with --scan to get 
full insights.
> Get more help at 
https://help.gradle.org.

BUILD FAILED in 28s
Running Gradle task 'assembleRelease'...                           29.1s
Gradle task assembleRelease 
failed with exit code 1
